// Jest Snapshot v1, https://goo.gl/fbAQLP

exports[`View -> Contact should render the Contact view without throwing an error 1`] = `
{
  "asFragment": [Function],
  "baseElement": <body>
    <div>
      <div
        class="contactstyles__Container-sc-z683o7-1 geYxKI"
      >
        <div
          class="contactstyles__BackgroundVideo-sc-z683o7-0 kFvfWM"
        />
        <div
          class="contactstyles__ShuttersContainer-sc-z683o7-8 iyulSY"
        >
          <div
            class="contactstyles__Shutter-sc-z683o7-7 contactstyles__ShutterTop-sc-z683o7-9 bPDdzC"
          />
          <div
            class="contactstyles__Shutter-sc-z683o7-7 contactstyles__ShutterBottom-sc-z683o7-10 cwbZqf"
          />
        </div>
        <div
          class="contactstyles__ContentContainer-sc-z683o7-2 fsrilu"
        >
          <div
            class="contactstyles__Content-sc-z683o7-3 fHVPQi"
          >
            <div
              class="contactstyles__Email-sc-z683o7-4 jRCknh"
              id="emailLink"
            >
              <a
                href="mailto:fantasticmrdavid@gmail.com"
              >
                <div />
                <div
                  class="blinkerstyles__Cursor-sc-itlr94-0 ljVnFn"
                />
              </a>
            </div>
            <div
              class="contactstyles__Social-sc-z683o7-5 bgeWSi"
            >
              <a
                href="https://au.linkedin.com/in/fantasticmrdavid"
                rel="noopener noreferrer"
                target="_blank"
                title="LinkedIn"
              >
                <div
                  class="contactstyles__Icon-sc-z683o7-6 kkYsnK"
                >
                  <svg
                    fill="currentColor"
                    height="1em"
                    stroke="currentColor"
                    stroke-width="0"
                    viewBox="0 0 448 512"
                    width="1em"
                    xmlns="http://www.w3.org/2000/svg"
                  >
                    <path
                      d="M416 32H31.9C14.3 32 0 46.5 0 64.3v383.4C0 465.5 14.3 480 31.9 480H416c17.6 0 32-14.5 32-32.3V64.3c0-17.8-14.4-32.3-32-32.3zM135.4 416H69V202.2h66.5V416zm-33.2-243c-21.3 0-38.5-17.3-38.5-38.5S80.9 96 102.2 96c21.2 0 38.5 17.3 38.5 38.5 0 21.3-17.2 38.5-38.5 38.5zm282.1 243h-66.4V312c0-24.8-.5-56.7-34.5-56.7-34.6 0-39.9 27-39.9 54.9V416h-66.4V202.2h63.7v29.2h.9c8.9-16.8 30.6-34.5 62.9-34.5 67.2 0 79.7 44.3 79.7 101.9V416z"
                    />
                  </svg>
                </div>
              </a>
              <a
                href="https://github.com/fantasticmrdavid/"
                rel="noopener noreferrer"
                target="_blank"
                title="Github"
              >
                <div
                  class="contactstyles__Icon-sc-z683o7-6 kkYsnK"
                >
                  <svg
                    fill="currentColor"
                    height="1em"
                    stroke="currentColor"
                    stroke-width="0"
                    viewBox="0 0 496 512"
                    width="1em"
                    xmlns="http://www.w3.org/2000/svg"
                  >
                    <path
                      d="M165.9 397.4c0 2-2.3 3.6-5.2 3.6-3.3.3-5.6-1.3-5.6-3.6 0-2 2.3-3.6 5.2-3.6 3-.3 5.6 1.3 5.6 3.6zm-31.1-4.5c-.7 2 1.3 4.3 4.3 4.9 2.6 1 5.6 0 6.2-2s-1.3-4.3-4.3-5.2c-2.6-.7-5.5.3-6.2 2.3zm44.2-1.7c-2.9.7-4.9 2.6-4.6 4.9.3 2 2.9 3.3 5.9 2.6 2.9-.7 4.9-2.6 4.6-4.6-.3-1.9-3-3.2-5.9-2.9zM244.8 8C106.1 8 0 113.3 0 252c0 110.9 69.8 205.8 169.5 239.2 12.8 2.3 17.3-5.6 17.3-12.1 0-6.2-.3-40.4-.3-61.4 0 0-70 15-84.7-29.8 0 0-11.4-29.1-27.8-36.6 0 0-22.9-15.7 1.6-15.4 0 0 24.9 2 38.6 25.8 21.9 38.6 58.6 27.5 72.9 20.9 2.3-16 8.8-27.1 16-33.7-55.9-6.2-112.3-14.3-112.3-110.5 0-27.5 7.6-41.3 23.6-58.9-2.6-6.5-11.1-33.3 2.6-67.9 20.9-6.5 69 27 69 27 20-5.6 41.5-8.5 62.8-8.5s42.8 2.9 62.8 8.5c0 0 48.1-33.6 69-27 13.7 34.7 5.2 61.4 2.6 67.9 16 17.7 25.8 31.5 25.8 58.9 0 96.5-58.9 104.2-114.8 110.5 9.2 7.9 17 22.9 17 46.4 0 33.7-.3 75.4-.3 83.6 0 6.5 4.6 14.4 17.3 12.1C428.2 457.8 496 362.9 496 252 496 113.3 383.5 8 244.8 8zM97.2 352.9c-1.3 1-1 3.3.7 5.2 1.6 1.6 3.9 2.3 5.2 1 1.3-1 1-3.3-.7-5.2-1.6-1.6-3.9-2.3-5.2-1zm-10.8-8.1c-.7 1.3.3 2.9 2.3 3.9 1.6 1 3.6.7 4.3-.7.7-1.3-.3-2.9-2.3-3.9-2-.6-3.6-.3-4.3.7zm32.4 35.6c-1.6 1.3-1 4.3 1.3 6.2 2.3 2.3 5.2 2.6 6.5 1 1.3-1.3.7-4.3-1.3-6.2-2.2-2.3-5.2-2.6-6.5-1zm-11.4-14.7c-1.6 1-1.6 3.6 0 5.9 1.6 2.3 4.3 3.3 5.6 2.3 1.6-1.3 1.6-3.9 0-6.2-1.4-2.3-4-3.3-5.6-2z"
                    />
                  </svg>
                </div>
              </a>
              <a
                href="https://www.instagram.com/misterdavidsan/"
                rel="noopener noreferrer"
                target="_blank"
                title="Instagram"
              >
                <div
                  class="contactstyles__Icon-sc-z683o7-6 kkYsnK"
                >
                  <svg
                    fill="currentColor"
                    height="1em"
                    stroke="currentColor"
                    stroke-width="0"
                    viewBox="0 0 448 512"
                    width="1em"
                    xmlns="http://www.w3.org/2000/svg"
                  >
                    <path
                      d="M224.1 141c-63.6 0-114.9 51.3-114.9 114.9s51.3 114.9 114.9 114.9S339 319.5 339 255.9 287.7 141 224.1 141zm0 189.6c-41.1 0-74.7-33.5-74.7-74.7s33.5-74.7 74.7-74.7 74.7 33.5 74.7 74.7-33.6 74.7-74.7 74.7zm146.4-194.3c0 14.9-12 26.8-26.8 26.8-14.9 0-26.8-12-26.8-26.8s12-26.8 26.8-26.8 26.8 12 26.8 26.8zm76.1 27.2c-1.7-35.9-9.9-67.7-36.2-93.9-26.2-26.2-58-34.4-93.9-36.2-37-2.1-147.9-2.1-184.9 0-35.8 1.7-67.6 9.9-93.9 36.1s-34.4 58-36.2 93.9c-2.1 37-2.1 147.9 0 184.9 1.7 35.9 9.9 67.7 36.2 93.9s58 34.4 93.9 36.2c37 2.1 147.9 2.1 184.9 0 35.9-1.7 67.7-9.9 93.9-36.2 26.2-26.2 34.4-58 36.2-93.9 2.1-37 2.1-147.8 0-184.8zM398.8 388c-7.8 19.6-22.9 34.7-42.6 42.6-29.5 11.7-99.5 9-132.1 9s-102.7 2.6-132.1-9c-19.6-7.8-34.7-22.9-42.6-42.6-11.7-29.5-9-99.5-9-132.1s-2.6-102.7 9-132.1c7.8-19.6 22.9-34.7 42.6-42.6 29.5-11.7 99.5-9 132.1-9s102.7-2.6 132.1 9c19.6 7.8 34.7 22.9 42.6 42.6 11.7 29.5 9 99.5 9 132.1s2.7 102.7-9 132.1z"
                    />
                  </svg>
                </div>
              </a>
              <a
                href="https://www.redbubble.com/people/misterdavid/"
                rel="noopener noreferrer"
                target="_blank"
                title="Redbubble"
              >
                <svg
                  class="redbubbleIcon"
                  viewBox="0 0 788.856 788.143"
                  xmlns="http://www.w3.org/2000/svg"
                >
                  <g>
                    <path
                      class="u-fill"
                      d="M792,396.257c0.421,214.952-173.73,393.9-394.306,394.037C177.551,790.431-.454,610.612,3.2,389.261,6.74,174.817,183.455-1.613,404.914,2.213,619.461,5.919,792.3,181.217,792,396.257ZM332.569,425.63c0.7-.329,1.1-0.527,1.506-0.7,20.792-8.955,34.9-24.294,42.707-45.377,6.942-18.744,7.59-38.045,3.6-57.475-4.624-22.514-16.284-40.449-35.931-52.773-16.8-10.539-35.5-14.986-55.043-15.62-17.372-.563-34.774-0.227-52.163-0.25q-28.872-.037-57.745,0c-5.4,0-9.463,2.8-10.743,7.605a21.614,21.614,0,0,0-.565,5.509q-0.039,129.425-.023,258.849c0,0.52-.012,1.041,0,1.561,0.218,7.035,4.577,11.28,11.589,11.28q108.467,0,216.934.02c4.553,0,7.959-1.883,9.96-5.865,2.009-4,1.417-7.9-1.324-11.483q-29.1-38.068-58.176-76.155C342.34,438.446,337.53,432.134,332.569,425.63Zm282.084-43.389a2,2,0,0,1,.146-0.566c0.313-.415.649-0.811,0.981-1.212a60.007,60.007,0,0,0,11.345-21.273c4.739-15.864,4.866-31.959,1.632-48.038-5.116-25.44-19.9-42.76-44.5-51.462-12.886-4.559-26.25-6.227-39.841-6.247-32.7-.049-65.407.1-98.109-0.108-7.042-.045-12.354,4.594-12.207,12.326,0.266,13.968.075,27.945,0.075,41.919q0,109.035-.091,218.07c-0.016,7.754,4.8,12.77,12.745,12.7,33-.278,66-0.063,99-0.157,7.64-.022,15.3-0.281,22.914-0.9a119.971,119.971,0,0,0,40.574-10.263c21.361-9.8,36.613-25.279,42.934-48.287a96,96,0,0,0-3.471-62.038c-5.862-14.818-16.241-25.74-30.593-32.8C617.013,383.331,615.816,382.789,614.653,382.242Z"
                      transform="translate(-3.145 -2.152)"
                    />
                  </g>
                </svg>
              </a>
            </div>
          </div>
        </div>
      </div>
    </div>
  </body>,
  "container": <div>
    <div
      class="contactstyles__Container-sc-z683o7-1 geYxKI"
    >
      <div
        class="contactstyles__BackgroundVideo-sc-z683o7-0 kFvfWM"
      />
      <div
        class="contactstyles__ShuttersContainer-sc-z683o7-8 iyulSY"
      >
        <div
          class="contactstyles__Shutter-sc-z683o7-7 contactstyles__ShutterTop-sc-z683o7-9 bPDdzC"
        />
        <div
          class="contactstyles__Shutter-sc-z683o7-7 contactstyles__ShutterBottom-sc-z683o7-10 cwbZqf"
        />
      </div>
      <div
        class="contactstyles__ContentContainer-sc-z683o7-2 fsrilu"
      >
        <div
          class="contactstyles__Content-sc-z683o7-3 fHVPQi"
        >
          <div
            class="contactstyles__Email-sc-z683o7-4 jRCknh"
            id="emailLink"
          >
            <a
              href="mailto:fantasticmrdavid@gmail.com"
            >
              <div />
              <div
                class="blinkerstyles__Cursor-sc-itlr94-0 ljVnFn"
              />
            </a>
          </div>
          <div
            class="contactstyles__Social-sc-z683o7-5 bgeWSi"
          >
            <a
              href="https://au.linkedin.com/in/fantasticmrdavid"
              rel="noopener noreferrer"
              target="_blank"
              title="LinkedIn"
            >
              <div
                class="contactstyles__Icon-sc-z683o7-6 kkYsnK"
              >
                <svg
                  fill="currentColor"
                  height="1em"
                  stroke="currentColor"
                  stroke-width="0"
                  viewBox="0 0 448 512"
                  width="1em"
                  xmlns="http://www.w3.org/2000/svg"
                >
                  <path
                    d="M416 32H31.9C14.3 32 0 46.5 0 64.3v383.4C0 465.5 14.3 480 31.9 480H416c17.6 0 32-14.5 32-32.3V64.3c0-17.8-14.4-32.3-32-32.3zM135.4 416H69V202.2h66.5V416zm-33.2-243c-21.3 0-38.5-17.3-38.5-38.5S80.9 96 102.2 96c21.2 0 38.5 17.3 38.5 38.5 0 21.3-17.2 38.5-38.5 38.5zm282.1 243h-66.4V312c0-24.8-.5-56.7-34.5-56.7-34.6 0-39.9 27-39.9 54.9V416h-66.4V202.2h63.7v29.2h.9c8.9-16.8 30.6-34.5 62.9-34.5 67.2 0 79.7 44.3 79.7 101.9V416z"
                  />
                </svg>
              </div>
            </a>
            <a
              href="https://github.com/fantasticmrdavid/"
              rel="noopener noreferrer"
              target="_blank"
              title="Github"
            >
              <div
                class="contactstyles__Icon-sc-z683o7-6 kkYsnK"
              >
                <svg
                  fill="currentColor"
                  height="1em"
                  stroke="currentColor"
                  stroke-width="0"
                  viewBox="0 0 496 512"
                  width="1em"
                  xmlns="http://www.w3.org/2000/svg"
                >
                  <path
                    d="M165.9 397.4c0 2-2.3 3.6-5.2 3.6-3.3.3-5.6-1.3-5.6-3.6 0-2 2.3-3.6 5.2-3.6 3-.3 5.6 1.3 5.6 3.6zm-31.1-4.5c-.7 2 1.3 4.3 4.3 4.9 2.6 1 5.6 0 6.2-2s-1.3-4.3-4.3-5.2c-2.6-.7-5.5.3-6.2 2.3zm44.2-1.7c-2.9.7-4.9 2.6-4.6 4.9.3 2 2.9 3.3 5.9 2.6 2.9-.7 4.9-2.6 4.6-4.6-.3-1.9-3-3.2-5.9-2.9zM244.8 8C106.1 8 0 113.3 0 252c0 110.9 69.8 205.8 169.5 239.2 12.8 2.3 17.3-5.6 17.3-12.1 0-6.2-.3-40.4-.3-61.4 0 0-70 15-84.7-29.8 0 0-11.4-29.1-27.8-36.6 0 0-22.9-15.7 1.6-15.4 0 0 24.9 2 38.6 25.8 21.9 38.6 58.6 27.5 72.9 20.9 2.3-16 8.8-27.1 16-33.7-55.9-6.2-112.3-14.3-112.3-110.5 0-27.5 7.6-41.3 23.6-58.9-2.6-6.5-11.1-33.3 2.6-67.9 20.9-6.5 69 27 69 27 20-5.6 41.5-8.5 62.8-8.5s42.8 2.9 62.8 8.5c0 0 48.1-33.6 69-27 13.7 34.7 5.2 61.4 2.6 67.9 16 17.7 25.8 31.5 25.8 58.9 0 96.5-58.9 104.2-114.8 110.5 9.2 7.9 17 22.9 17 46.4 0 33.7-.3 75.4-.3 83.6 0 6.5 4.6 14.4 17.3 12.1C428.2 457.8 496 362.9 496 252 496 113.3 383.5 8 244.8 8zM97.2 352.9c-1.3 1-1 3.3.7 5.2 1.6 1.6 3.9 2.3 5.2 1 1.3-1 1-3.3-.7-5.2-1.6-1.6-3.9-2.3-5.2-1zm-10.8-8.1c-.7 1.3.3 2.9 2.3 3.9 1.6 1 3.6.7 4.3-.7.7-1.3-.3-2.9-2.3-3.9-2-.6-3.6-.3-4.3.7zm32.4 35.6c-1.6 1.3-1 4.3 1.3 6.2 2.3 2.3 5.2 2.6 6.5 1 1.3-1.3.7-4.3-1.3-6.2-2.2-2.3-5.2-2.6-6.5-1zm-11.4-14.7c-1.6 1-1.6 3.6 0 5.9 1.6 2.3 4.3 3.3 5.6 2.3 1.6-1.3 1.6-3.9 0-6.2-1.4-2.3-4-3.3-5.6-2z"
                  />
                </svg>
              </div>
            </a>
            <a
              href="https://www.instagram.com/misterdavidsan/"
              rel="noopener noreferrer"
              target="_blank"
              title="Instagram"
            >
              <div
                class="contactstyles__Icon-sc-z683o7-6 kkYsnK"
              >
                <svg
                  fill="currentColor"
                  height="1em"
                  stroke="currentColor"
                  stroke-width="0"
                  viewBox="0 0 448 512"
                  width="1em"
                  xmlns="http://www.w3.org/2000/svg"
                >
                  <path
                    d="M224.1 141c-63.6 0-114.9 51.3-114.9 114.9s51.3 114.9 114.9 114.9S339 319.5 339 255.9 287.7 141 224.1 141zm0 189.6c-41.1 0-74.7-33.5-74.7-74.7s33.5-74.7 74.7-74.7 74.7 33.5 74.7 74.7-33.6 74.7-74.7 74.7zm146.4-194.3c0 14.9-12 26.8-26.8 26.8-14.9 0-26.8-12-26.8-26.8s12-26.8 26.8-26.8 26.8 12 26.8 26.8zm76.1 27.2c-1.7-35.9-9.9-67.7-36.2-93.9-26.2-26.2-58-34.4-93.9-36.2-37-2.1-147.9-2.1-184.9 0-35.8 1.7-67.6 9.9-93.9 36.1s-34.4 58-36.2 93.9c-2.1 37-2.1 147.9 0 184.9 1.7 35.9 9.9 67.7 36.2 93.9s58 34.4 93.9 36.2c37 2.1 147.9 2.1 184.9 0 35.9-1.7 67.7-9.9 93.9-36.2 26.2-26.2 34.4-58 36.2-93.9 2.1-37 2.1-147.8 0-184.8zM398.8 388c-7.8 19.6-22.9 34.7-42.6 42.6-29.5 11.7-99.5 9-132.1 9s-102.7 2.6-132.1-9c-19.6-7.8-34.7-22.9-42.6-42.6-11.7-29.5-9-99.5-9-132.1s-2.6-102.7 9-132.1c7.8-19.6 22.9-34.7 42.6-42.6 29.5-11.7 99.5-9 132.1-9s102.7-2.6 132.1 9c19.6 7.8 34.7 22.9 42.6 42.6 11.7 29.5 9 99.5 9 132.1s2.7 102.7-9 132.1z"
                  />
                </svg>
              </div>
            </a>
            <a
              href="https://www.redbubble.com/people/misterdavid/"
              rel="noopener noreferrer"
              target="_blank"
              title="Redbubble"
            >
              <svg
                class="redbubbleIcon"
                viewBox="0 0 788.856 788.143"
                xmlns="http://www.w3.org/2000/svg"
              >
                <g>
                  <path
                    class="u-fill"
                    d="M792,396.257c0.421,214.952-173.73,393.9-394.306,394.037C177.551,790.431-.454,610.612,3.2,389.261,6.74,174.817,183.455-1.613,404.914,2.213,619.461,5.919,792.3,181.217,792,396.257ZM332.569,425.63c0.7-.329,1.1-0.527,1.506-0.7,20.792-8.955,34.9-24.294,42.707-45.377,6.942-18.744,7.59-38.045,3.6-57.475-4.624-22.514-16.284-40.449-35.931-52.773-16.8-10.539-35.5-14.986-55.043-15.62-17.372-.563-34.774-0.227-52.163-0.25q-28.872-.037-57.745,0c-5.4,0-9.463,2.8-10.743,7.605a21.614,21.614,0,0,0-.565,5.509q-0.039,129.425-.023,258.849c0,0.52-.012,1.041,0,1.561,0.218,7.035,4.577,11.28,11.589,11.28q108.467,0,216.934.02c4.553,0,7.959-1.883,9.96-5.865,2.009-4,1.417-7.9-1.324-11.483q-29.1-38.068-58.176-76.155C342.34,438.446,337.53,432.134,332.569,425.63Zm282.084-43.389a2,2,0,0,1,.146-0.566c0.313-.415.649-0.811,0.981-1.212a60.007,60.007,0,0,0,11.345-21.273c4.739-15.864,4.866-31.959,1.632-48.038-5.116-25.44-19.9-42.76-44.5-51.462-12.886-4.559-26.25-6.227-39.841-6.247-32.7-.049-65.407.1-98.109-0.108-7.042-.045-12.354,4.594-12.207,12.326,0.266,13.968.075,27.945,0.075,41.919q0,109.035-.091,218.07c-0.016,7.754,4.8,12.77,12.745,12.7,33-.278,66-0.063,99-0.157,7.64-.022,15.3-0.281,22.914-0.9a119.971,119.971,0,0,0,40.574-10.263c21.361-9.8,36.613-25.279,42.934-48.287a96,96,0,0,0-3.471-62.038c-5.862-14.818-16.241-25.74-30.593-32.8C617.013,383.331,615.816,382.789,614.653,382.242Z"
                    transform="translate(-3.145 -2.152)"
                  />
                </g>
              </svg>
            </a>
          </div>
        </div>
      </div>
    </div>
  </div>,
  "debug": [Function],
  "findAllByAltText": [Function],
  "findAllByDisplayValue": [Function],
  "findAllByLabelText": [Function],
  "findAllByPlaceholderText": [Function],
  "findAllByRole": [Function],
  "findAllByTestId": [Function],
  "findAllByText": [Function],
  "findAllByTitle": [Function],
  "findByAltText": [Function],
  "findByDisplayValue": [Function],
  "findByLabelText": [Function],
  "findByPlaceholderText": [Function],
  "findByRole": [Function],
  "findByTestId": [Function],
  "findByText": [Function],
  "findByTitle": [Function],
  "getAllByAltText": [Function],
  "getAllByDisplayValue": [Function],
  "getAllByLabelText": [Function],
  "getAllByPlaceholderText": [Function],
  "getAllByRole": [Function],
  "getAllByTestId": [Function],
  "getAllByText": [Function],
  "getAllByTitle": [Function],
  "getByAltText": [Function],
  "getByDisplayValue": [Function],
  "getByLabelText": [Function],
  "getByPlaceholderText": [Function],
  "getByRole": [Function],
  "getByTestId": [Function],
  "getByText": [Function],
  "getByTitle": [Function],
  "queryAllByAltText": [Function],
  "queryAllByDisplayValue": [Function],
  "queryAllByLabelText": [Function],
  "queryAllByPlaceholderText": [Function],
  "queryAllByRole": [Function],
  "queryAllByTestId": [Function],
  "queryAllByText": [Function],
  "queryAllByTitle": [Function],
  "queryByAltText": [Function],
  "queryByDisplayValue": [Function],
  "queryByLabelText": [Function],
  "queryByPlaceholderText": [Function],
  "queryByRole": [Function],
  "queryByTestId": [Function],
  "queryByText": [Function],
  "queryByTitle": [Function],
  "rerender": [Function],
  "unmount": [Function],
}
`;
