// Jest Snapshot v1, https://goo.gl/fbAQLP

exports[`Component -> ImagePreloader should render the ImagePreloader without throwing an error 1`] = `
<div
  className="styles__Container-sc-1i0f3dw-0 WeStR"
>
  0
  %
</div>
`;
