// Jest Snapshot v1, https://goo.gl/fbAQLP

exports[`Component -> View should render the View without throwing an error 1`] = `
{
  "asFragment": [Function],
  "baseElement": <body>
    <div>
      <div
        class="styles__Container-sc-1i0f3dw-0 gTMMfH"
      />
      <div
        class="styles__Container-sc-1jpprl2-0 lceywo"
      >
        <section
          class="styles__Control-sc-1jpprl2-1 kKksil"
        >
          <nav
            class="styles__Container-sc-1fdvout-0 aFnmz"
          >
            <h1
              class="styles__Title-sc-1fdvout-1 cJAooh"
            >
              Fantastic Mr David
            </h1>
            <nav
              class="styles__Nav-sc-1fdvout-3 cwEdZi"
            >
              <div
                class="styles__Container-sc-1w8m3j0-0 dmrGVg"
              >
                <div
                  class="styles__Label-sc-1w8m3j0-1 cRIjTG"
                  target="about"
                >
                  About
                </div>
                <div
                  class="styles__Content-sc-xptth5-0 gEzKKn"
                >
                  <div>
                    Meet the captain of the ship.
                  </div>
                </div>
              </div>
              <div
                class="styles__Container-sc-1w8m3j0-0 dmrGVg"
              >
                <div
                  class="styles__Label-sc-1w8m3j0-1 kLVSUR"
                  target="work"
                >
                  Latest Work
                </div>
                <div
                  class="styles__Content-sc-xptth5-0 cgeHFj"
                >
                  <div>
                    Some things I've been working on.
                  </div>
                </div>
              </div>
              <div
                class="styles__Container-sc-1w8m3j0-0 dmrGVg"
              >
                <div
                  class="styles__Label-sc-1w8m3j0-1 oFPLn"
                  target="contact"
                >
                  Contact
                </div>
                <div
                  class="styles__Content-sc-xptth5-0 cgeHFj"
                >
                  <div>
                    For relaxing times, make it Suntory time.
                  </div>
                </div>
              </div>
            </nav>
            <div
              class="styles__Subtitle-sc-1fdvout-4 fnJwRI"
            >
              <h2>
                <div
                  class="styles__CogIconWrapper-sc-1fdvout-5 gbVFgv"
                >
                  <svg
                    fill="currentColor"
                    height="1em"
                    stroke="currentColor"
                    stroke-width="0"
                    viewBox="0 0 512 512"
                    width="1em"
                    xmlns="http://www.w3.org/2000/svg"
                  >
                    <path
                      d="M487.4 315.7l-42.6-24.6c4.3-23.2 4.3-47 0-70.2l42.6-24.6c4.9-2.8 7.1-8.6 5.5-14-11.1-35.6-30-67.8-54.7-94.6-3.8-4.1-10-5.1-14.8-2.3L380.8 110c-17.9-15.4-38.5-27.3-60.8-35.1V25.8c0-5.6-3.9-10.5-9.4-11.7-36.7-8.2-74.3-7.8-109.2 0-5.5 1.2-9.4 6.1-9.4 11.7V75c-22.2 7.9-42.8 19.8-60.8 35.1L88.7 85.5c-4.9-2.8-11-1.9-14.8 2.3-24.7 26.7-43.6 58.9-54.7 94.6-1.7 5.4.6 11.2 5.5 14L67.3 221c-4.3 23.2-4.3 47 0 70.2l-42.6 24.6c-4.9 2.8-7.1 8.6-5.5 14 11.1 35.6 30 67.8 54.7 94.6 3.8 4.1 10 5.1 14.8 2.3l42.6-24.6c17.9 15.4 38.5 27.3 60.8 35.1v49.2c0 5.6 3.9 10.5 9.4 11.7 36.7 8.2 74.3 7.8 109.2 0 5.5-1.2 9.4-6.1 9.4-11.7v-49.2c22.2-7.9 42.8-19.8 60.8-35.1l42.6 24.6c4.9 2.8 11 1.9 14.8-2.3 24.7-26.7 43.6-58.9 54.7-94.6 1.5-5.5-.7-11.3-5.6-14.1zM256 336c-44.1 0-80-35.9-80-80s35.9-80 80-80 80 35.9 80 80-35.9 80-80 80z"
                    />
                  </svg>
                </div>
                Art + Engineering
              </h2>
              <div
                class="styles__Cursor-sc-cbfjlf-0 OzODf"
              />
            </div>
            <a
              class="styles__Cta-sc-1fdvout-2 gHsBxM"
            >
              <svg
                fill="currentColor"
                height="1em"
                stroke="currentColor"
                stroke-width="0"
                viewBox="0 0 320 512"
                width="1em"
                xmlns="http://www.w3.org/2000/svg"
              >
                <path
                  d="M143 352.3L7 216.3c-9.4-9.4-9.4-24.6 0-33.9l22.6-22.6c9.4-9.4 24.6-9.4 33.9 0l96.4 96.4 96.4-96.4c9.4-9.4 24.6-9.4 33.9 0l22.6 22.6c9.4 9.4 9.4 24.6 0 33.9l-136 136c-9.2 9.4-24.4 9.4-33.8 0z"
                />
              </svg>
            </a>
          </nav>
        </section>
        <section
          class="styles__Media-sc-1jpprl2-2 fuwkzu"
        >
          <div
            class="styles__Shutter-sc-1jpprl2-3 styles__ShutterTop-sc-1jpprl2-4 ddDaSX"
          />
          <div
            class="styles__Shutter-sc-1jpprl2-3 styles__ShutterBottom-sc-1jpprl2-5 dtYEwQ"
          />
          <div
            class="styles__MediaLoadingMessage-sc-1jpprl2-6 kGrthN"
          >
            Hello!
          </div>
          <div
            class="styles__Container-sc-qm8p7s-0 eoAhMa"
          >
            <div
              class="styles__Bg-sc-qm8p7s-1 bPLvTD"
            >
              <div
                class="styles__Container-sc-1pwogyu-0 fkagAV"
              >
                <div
                  class="styles__Polygon-sc-1pwogyu-1 dCIqjj"
                >
                  <div
                    class="styles__Side-sc-1pwogyu-2 styles__Front-sc-1pwogyu-8 deBIOm"
                  >
                    <div
                      class="styles__Tracer-sc-18vfsm6-0 hNwUQp"
                      direction="left"
                    />
                  </div>
                  <div
                    class="styles__Side-sc-1pwogyu-2 styles__Back-sc-1pwogyu-3 gCcrQb"
                  >
                    <div
                      class="styles__Tracer-sc-18vfsm6-0 lKbcB"
                    />
                  </div>
                  <div
                    class="styles__Side-sc-1pwogyu-2 styles__Top-sc-1pwogyu-6 eLxrDv"
                  />
                  <div
                    class="styles__Side-sc-1pwogyu-2 styles__Bottom-sc-1pwogyu-7 cpagcj"
                  >
                    <div
                      class="styles__Tracer-sc-18vfsm6-0 lKbcB"
                    />
                  </div>
                  <div
                    class="styles__Side-sc-1pwogyu-2 styles__Left-sc-1pwogyu-5 iDSTJS"
                  >
                    <div
                      class="styles__Tracer-sc-18vfsm6-0 hNwUQp"
                      direction="left"
                    />
                  </div>
                  <div
                    class="styles__Side-sc-1pwogyu-2 styles__Right-sc-1pwogyu-4 fTRfub"
                  >
                    <div
                      class="styles__Tracer-sc-18vfsm6-0 lKbcB"
                    />
                  </div>
                </div>
              </div>
            </div>
            <img
              alt="Me"
              class="styles__ProfilePhoto-sc-qm8p7s-2 cToiw"
              src="/assets/images/profile.jpg"
            />
            <div
              class="styles__Content-sc-qm8p7s-3 ciksqE"
            >
              <p>
                Hi! I'm David, and I like making things.
                <br />
                <br />
                Since I was a kid I've been passionate about building and creating. I've always enjoyed the journey of taking an idea from concept and making it reality.
                <br />
                <br />
                I firmly believe that by empowering people with problem solving technology and empathy we can build a better world together.
              </p>
              <h2>
                Engineer
              </h2>
              <p>
                I've been building web projects for over a decade, starting from when I was in high school and needed a simple HTML page to display my artwork. From there my journey has taken me to Full-Stack LAMP Development working on vendor-side and agency projects alike, and then to leading Front-End and UX Engineering specialising in HTML5, CSS3, ES6 JavaScript and React. I love learning about new technologies to develop better and more effective ways to solve problems and get things done.
              </p>
              <h2>
                Artist
              </h2>
              <p>
                Drawing has been my happy place for as long as I can remember. While building software keeps the puzzle solving part of my brain busy, illustration, artwork, and tinkering have allowed me to stretch my creative boundaries. In my downtime I've drawn comics, exhibited artwork, designed and produced 3D prints, and made 
                <a
                  class="styles__Link-sc-1rd8ebj-0 jONwCq styles__SleeperLink-sc-qm8p7s-6 cFShCR"
                  href="https://www.youtube.com/watch?v=7xk4LmZ6hwc"
                  rel="noopener noreferrer"
                  target="_blank"
                >
                  other random things
                </a>
                 simply because they were too much fun.
              </p>
              <h2>
                About this site
              </h2>
              fantasticmrdavid.com.au was built with:
              <div
                class="styles__SiteSpecs-sc-qm8p7s-4 hIVtxr"
              >
                <div
                  class="styles__SpecsSection-sc-qm8p7s-5 dkQZmC"
                >
                  <h3>
                    Environment
                  </h3>
                  <ul>
                    <li>
                      ES6
                    </li>
                    <li>
                      Node.js
                    </li>
                    <li>
                      Webpack
                    </li>
                  </ul>
                </div>
                <div
                  class="styles__SpecsSection-sc-qm8p7s-5 dkQZmC"
                >
                  <h3>
                    Architecture
                  </h3>
                  <ul>
                    <li>
                      React
                    </li>
                    <li>
                      Styled-Components
                    </li>
                  </ul>
                </div>
                <div
                  class="styles__SpecsSection-sc-qm8p7s-5 dkQZmC"
                >
                  <h3>
                    Testing/QA
                  </h3>
                  <ul>
                    <li>
                      TypeScript
                    </li>
                    <li>
                      ESLint
                    </li>
                    <li>
                      Prettier
                    </li>
                    <li>
                      Jest
                    </li>
                    <li>
                      Testing Library
                    </li>
                  </ul>
                </div>
                <div
                  class="styles__SpecsSection-sc-qm8p7s-5 dkQZmC"
                >
                  <h3>
                    Deployment
                  </h3>
                  <ul>
                    <li>
                      Github
                    </li>
                    <li>
                      Codeship
                    </li>
                    <li>
                      AWS
                    </li>
                  </ul>
                </div>
              </div>
              <p>
                Disable JavaScript to enable the noscript version!
              </p>
              <a
                class="styles__Link-sc-1rd8ebj-0 jONwCq"
                href="https://github.com/fantasticmrdavid/fantasticmrdavid"
                rel="noopener noreferrer"
                target="_blank"
              >
                Visit the Github repository
              </a>
            </div>
          </div>
        </section>
      </div>
    </div>
  </body>,
  "container": <div>
    <div
      class="styles__Container-sc-1i0f3dw-0 gTMMfH"
    />
    <div
      class="styles__Container-sc-1jpprl2-0 lceywo"
    >
      <section
        class="styles__Control-sc-1jpprl2-1 kKksil"
      >
        <nav
          class="styles__Container-sc-1fdvout-0 aFnmz"
        >
          <h1
            class="styles__Title-sc-1fdvout-1 cJAooh"
          >
            Fantastic Mr David
          </h1>
          <nav
            class="styles__Nav-sc-1fdvout-3 cwEdZi"
          >
            <div
              class="styles__Container-sc-1w8m3j0-0 dmrGVg"
            >
              <div
                class="styles__Label-sc-1w8m3j0-1 cRIjTG"
                target="about"
              >
                About
              </div>
              <div
                class="styles__Content-sc-xptth5-0 gEzKKn"
              >
                <div>
                  Meet the captain of the ship.
                </div>
              </div>
            </div>
            <div
              class="styles__Container-sc-1w8m3j0-0 dmrGVg"
            >
              <div
                class="styles__Label-sc-1w8m3j0-1 kLVSUR"
                target="work"
              >
                Latest Work
              </div>
              <div
                class="styles__Content-sc-xptth5-0 cgeHFj"
              >
                <div>
                  Some things I've been working on.
                </div>
              </div>
            </div>
            <div
              class="styles__Container-sc-1w8m3j0-0 dmrGVg"
            >
              <div
                class="styles__Label-sc-1w8m3j0-1 oFPLn"
                target="contact"
              >
                Contact
              </div>
              <div
                class="styles__Content-sc-xptth5-0 cgeHFj"
              >
                <div>
                  For relaxing times, make it Suntory time.
                </div>
              </div>
            </div>
          </nav>
          <div
            class="styles__Subtitle-sc-1fdvout-4 fnJwRI"
          >
            <h2>
              <div
                class="styles__CogIconWrapper-sc-1fdvout-5 gbVFgv"
              >
                <svg
                  fill="currentColor"
                  height="1em"
                  stroke="currentColor"
                  stroke-width="0"
                  viewBox="0 0 512 512"
                  width="1em"
                  xmlns="http://www.w3.org/2000/svg"
                >
                  <path
                    d="M487.4 315.7l-42.6-24.6c4.3-23.2 4.3-47 0-70.2l42.6-24.6c4.9-2.8 7.1-8.6 5.5-14-11.1-35.6-30-67.8-54.7-94.6-3.8-4.1-10-5.1-14.8-2.3L380.8 110c-17.9-15.4-38.5-27.3-60.8-35.1V25.8c0-5.6-3.9-10.5-9.4-11.7-36.7-8.2-74.3-7.8-109.2 0-5.5 1.2-9.4 6.1-9.4 11.7V75c-22.2 7.9-42.8 19.8-60.8 35.1L88.7 85.5c-4.9-2.8-11-1.9-14.8 2.3-24.7 26.7-43.6 58.9-54.7 94.6-1.7 5.4.6 11.2 5.5 14L67.3 221c-4.3 23.2-4.3 47 0 70.2l-42.6 24.6c-4.9 2.8-7.1 8.6-5.5 14 11.1 35.6 30 67.8 54.7 94.6 3.8 4.1 10 5.1 14.8 2.3l42.6-24.6c17.9 15.4 38.5 27.3 60.8 35.1v49.2c0 5.6 3.9 10.5 9.4 11.7 36.7 8.2 74.3 7.8 109.2 0 5.5-1.2 9.4-6.1 9.4-11.7v-49.2c22.2-7.9 42.8-19.8 60.8-35.1l42.6 24.6c4.9 2.8 11 1.9 14.8-2.3 24.7-26.7 43.6-58.9 54.7-94.6 1.5-5.5-.7-11.3-5.6-14.1zM256 336c-44.1 0-80-35.9-80-80s35.9-80 80-80 80 35.9 80 80-35.9 80-80 80z"
                  />
                </svg>
              </div>
              Art + Engineering
            </h2>
            <div
              class="styles__Cursor-sc-cbfjlf-0 OzODf"
            />
          </div>
          <a
            class="styles__Cta-sc-1fdvout-2 gHsBxM"
          >
            <svg
              fill="currentColor"
              height="1em"
              stroke="currentColor"
              stroke-width="0"
              viewBox="0 0 320 512"
              width="1em"
              xmlns="http://www.w3.org/2000/svg"
            >
              <path
                d="M143 352.3L7 216.3c-9.4-9.4-9.4-24.6 0-33.9l22.6-22.6c9.4-9.4 24.6-9.4 33.9 0l96.4 96.4 96.4-96.4c9.4-9.4 24.6-9.4 33.9 0l22.6 22.6c9.4 9.4 9.4 24.6 0 33.9l-136 136c-9.2 9.4-24.4 9.4-33.8 0z"
              />
            </svg>
          </a>
        </nav>
      </section>
      <section
        class="styles__Media-sc-1jpprl2-2 fuwkzu"
      >
        <div
          class="styles__Shutter-sc-1jpprl2-3 styles__ShutterTop-sc-1jpprl2-4 ddDaSX"
        />
        <div
          class="styles__Shutter-sc-1jpprl2-3 styles__ShutterBottom-sc-1jpprl2-5 dtYEwQ"
        />
        <div
          class="styles__MediaLoadingMessage-sc-1jpprl2-6 kGrthN"
        >
          Hello!
        </div>
        <div
          class="styles__Container-sc-qm8p7s-0 eoAhMa"
        >
          <div
            class="styles__Bg-sc-qm8p7s-1 bPLvTD"
          >
            <div
              class="styles__Container-sc-1pwogyu-0 fkagAV"
            >
              <div
                class="styles__Polygon-sc-1pwogyu-1 dCIqjj"
              >
                <div
                  class="styles__Side-sc-1pwogyu-2 styles__Front-sc-1pwogyu-8 deBIOm"
                >
                  <div
                    class="styles__Tracer-sc-18vfsm6-0 hNwUQp"
                    direction="left"
                  />
                </div>
                <div
                  class="styles__Side-sc-1pwogyu-2 styles__Back-sc-1pwogyu-3 gCcrQb"
                >
                  <div
                    class="styles__Tracer-sc-18vfsm6-0 lKbcB"
                  />
                </div>
                <div
                  class="styles__Side-sc-1pwogyu-2 styles__Top-sc-1pwogyu-6 eLxrDv"
                />
                <div
                  class="styles__Side-sc-1pwogyu-2 styles__Bottom-sc-1pwogyu-7 cpagcj"
                >
                  <div
                    class="styles__Tracer-sc-18vfsm6-0 lKbcB"
                  />
                </div>
                <div
                  class="styles__Side-sc-1pwogyu-2 styles__Left-sc-1pwogyu-5 iDSTJS"
                >
                  <div
                    class="styles__Tracer-sc-18vfsm6-0 hNwUQp"
                    direction="left"
                  />
                </div>
                <div
                  class="styles__Side-sc-1pwogyu-2 styles__Right-sc-1pwogyu-4 fTRfub"
                >
                  <div
                    class="styles__Tracer-sc-18vfsm6-0 lKbcB"
                  />
                </div>
              </div>
            </div>
          </div>
          <img
            alt="Me"
            class="styles__ProfilePhoto-sc-qm8p7s-2 cToiw"
            src="/assets/images/profile.jpg"
          />
          <div
            class="styles__Content-sc-qm8p7s-3 ciksqE"
          >
            <p>
              Hi! I'm David, and I like making things.
              <br />
              <br />
              Since I was a kid I've been passionate about building and creating. I've always enjoyed the journey of taking an idea from concept and making it reality.
              <br />
              <br />
              I firmly believe that by empowering people with problem solving technology and empathy we can build a better world together.
            </p>
            <h2>
              Engineer
            </h2>
            <p>
              I've been building web projects for over a decade, starting from when I was in high school and needed a simple HTML page to display my artwork. From there my journey has taken me to Full-Stack LAMP Development working on vendor-side and agency projects alike, and then to leading Front-End and UX Engineering specialising in HTML5, CSS3, ES6 JavaScript and React. I love learning about new technologies to develop better and more effective ways to solve problems and get things done.
            </p>
            <h2>
              Artist
            </h2>
            <p>
              Drawing has been my happy place for as long as I can remember. While building software keeps the puzzle solving part of my brain busy, illustration, artwork, and tinkering have allowed me to stretch my creative boundaries. In my downtime I've drawn comics, exhibited artwork, designed and produced 3D prints, and made 
              <a
                class="styles__Link-sc-1rd8ebj-0 jONwCq styles__SleeperLink-sc-qm8p7s-6 cFShCR"
                href="https://www.youtube.com/watch?v=7xk4LmZ6hwc"
                rel="noopener noreferrer"
                target="_blank"
              >
                other random things
              </a>
               simply because they were too much fun.
            </p>
            <h2>
              About this site
            </h2>
            fantasticmrdavid.com.au was built with:
            <div
              class="styles__SiteSpecs-sc-qm8p7s-4 hIVtxr"
            >
              <div
                class="styles__SpecsSection-sc-qm8p7s-5 dkQZmC"
              >
                <h3>
                  Environment
                </h3>
                <ul>
                  <li>
                    ES6
                  </li>
                  <li>
                    Node.js
                  </li>
                  <li>
                    Webpack
                  </li>
                </ul>
              </div>
              <div
                class="styles__SpecsSection-sc-qm8p7s-5 dkQZmC"
              >
                <h3>
                  Architecture
                </h3>
                <ul>
                  <li>
                    React
                  </li>
                  <li>
                    Styled-Components
                  </li>
                </ul>
              </div>
              <div
                class="styles__SpecsSection-sc-qm8p7s-5 dkQZmC"
              >
                <h3>
                  Testing/QA
                </h3>
                <ul>
                  <li>
                    TypeScript
                  </li>
                  <li>
                    ESLint
                  </li>
                  <li>
                    Prettier
                  </li>
                  <li>
                    Jest
                  </li>
                  <li>
                    Testing Library
                  </li>
                </ul>
              </div>
              <div
                class="styles__SpecsSection-sc-qm8p7s-5 dkQZmC"
              >
                <h3>
                  Deployment
                </h3>
                <ul>
                  <li>
                    Github
                  </li>
                  <li>
                    Codeship
                  </li>
                  <li>
                    AWS
                  </li>
                </ul>
              </div>
            </div>
            <p>
              Disable JavaScript to enable the noscript version!
            </p>
            <a
              class="styles__Link-sc-1rd8ebj-0 jONwCq"
              href="https://github.com/fantasticmrdavid/fantasticmrdavid"
              rel="noopener noreferrer"
              target="_blank"
            >
              Visit the Github repository
            </a>
          </div>
        </div>
      </section>
    </div>
  </div>,
  "debug": [Function],
  "findAllByAltText": [Function],
  "findAllByDisplayValue": [Function],
  "findAllByLabelText": [Function],
  "findAllByPlaceholderText": [Function],
  "findAllByRole": [Function],
  "findAllByTestId": [Function],
  "findAllByText": [Function],
  "findAllByTitle": [Function],
  "findByAltText": [Function],
  "findByDisplayValue": [Function],
  "findByLabelText": [Function],
  "findByPlaceholderText": [Function],
  "findByRole": [Function],
  "findByTestId": [Function],
  "findByText": [Function],
  "findByTitle": [Function],
  "getAllByAltText": [Function],
  "getAllByDisplayValue": [Function],
  "getAllByLabelText": [Function],
  "getAllByPlaceholderText": [Function],
  "getAllByRole": [Function],
  "getAllByTestId": [Function],
  "getAllByText": [Function],
  "getAllByTitle": [Function],
  "getByAltText": [Function],
  "getByDisplayValue": [Function],
  "getByLabelText": [Function],
  "getByPlaceholderText": [Function],
  "getByRole": [Function],
  "getByTestId": [Function],
  "getByText": [Function],
  "getByTitle": [Function],
  "queryAllByAltText": [Function],
  "queryAllByDisplayValue": [Function],
  "queryAllByLabelText": [Function],
  "queryAllByPlaceholderText": [Function],
  "queryAllByRole": [Function],
  "queryAllByTestId": [Function],
  "queryAllByText": [Function],
  "queryAllByTitle": [Function],
  "queryByAltText": [Function],
  "queryByDisplayValue": [Function],
  "queryByLabelText": [Function],
  "queryByPlaceholderText": [Function],
  "queryByRole": [Function],
  "queryByTestId": [Function],
  "queryByText": [Function],
  "queryByTitle": [Function],
  "rerender": [Function],
  "unmount": [Function],
}
`;
